
> dashboard@0.2.0 dev
> OSMU_BUILD_COMMIT=$(git rev-parse HEAD) next dev --webpack -p 3456

▲ Next.js 16.2.2 (webpack)
- Local:         http://localhost:3456
- Network:       http://172.30.1.16:3456
- Environments: .env.local
✓ Ready in 3.6s

○ Compiling proxy ...
○ Compiling /api/health ...
 GET /api/health 200 in 474ms (next.js: 388ms, proxy.ts: 58ms, application-code: 29ms)
○ Compiling /api/studio/v1/generations ...
 POST /api/studio/v1/generations 201 in 44s (next.js: 4.2s, proxy.ts: 14ms, application-code: 39.4s)
 POST /api/studio/handoffs 201 in 854ms (next.js: 767ms, proxy.ts: 20ms, application-code: 67ms)
 PATCH /api/studio/drafts/b363d35a-5937-44b3-b860-108f318739f4/editor 200 in 5.1s (next.js: 5.0s, proxy.ts: 12ms, application-code: 127ms)
 PATCH /api/studio/drafts/b363d35a-5937-44b3-b860-108f318739f4/editor 200 in 71ms (next.js: 29ms, proxy.ts: 14ms, application-code: 29ms)
 PATCH /api/studio/drafts/b363d35a-5937-44b3-b860-108f318739f4/editor 200 in 59ms (next.js: 10ms, proxy.ts: 13ms, application-code: 36ms)
 PATCH /api/studio/drafts/b363d35a-5937-44b3-b860-108f318739f4/editor 200 in 62ms (next.js: 21ms, proxy.ts: 12ms, application-code: 29ms)
 POST /api/studio/drafts/b363d35a-5937-44b3-b860-108f318739f4/enqueue 201 in 4.7s (next.js: 4.6s, proxy.ts: 11ms, application-code: 128ms)
○ Compiling /api/publish/first-comment-capabilities ...
 GET /api/publish/first-comment-capabilities?tenant_id=cd1d0a40-540d-4524-9b49-bf2445d82182 200 in 4.2s (next.js: 4.2s, proxy.ts: 11ms, application-code: 14ms)
 POST /api/suggestions 200 in 980ms (next.js: 891ms, proxy.ts: 12ms, application-code: 78ms)
 POST /api/suggestions/enqueue 200 in 2.4s (next.js: 2.3s, proxy.ts: 10ms, application-code: 77ms)
 GET /api/metrics?tenant_id=cd1d0a40-540d-4524-9b49-bf2445d82182 200 in 2.2s (next.js: 2.1s, proxy.ts: 11ms, application-code: 83ms)
 POST /api/tenant-tokens 200 in 1652ms (next.js: 1433ms, proxy.ts: 11ms, application-code: 208ms)
○ Compiling /studio ...
 GET /studio?room=create 200 in 54s (next.js: 53s, proxy.ts: 9ms, application-code: 1256ms)
○ Compiling /api/me ...
 GET /studio?room=create 200 in 1180ms (next.js: 386ms, proxy.ts: 467ms, application-code: 327ms)
 GET /api/me 200 in 6.1s (next.js: 4.1s, proxy.ts: 744ms, application-code: 1291ms)
 GET /api/me 200 in 293ms (next.js: 7ms, proxy.ts: 245ms, application-code: 41ms)
○ Compiling /api/studio/brand-setup ...
 GET /api/studio/learning?tenant_id=cd1d0a40-540d-4524-9b49-bf2445d82182 200 in 5.6s (next.js: 5.0s, proxy.ts: 249ms, application-code: 402ms)
 GET /api/studio/brand-setup?tenant_id=cd1d0a40-540d-4524-9b49-bf2445d82182 200 in 5.7s (next.js: 5.0s, proxy.ts: 305ms, application-code: 465ms)
 GET /api/studio/engine-status?tenant_id=cd1d0a40-540d-4524-9b49-bf2445d82182 200 in 5.8s (next.js: 5.0s, proxy.ts: 277ms, application-code: 487ms)
 GET /api/studio/drafts?tenant_id=cd1d0a40-540d-4524-9b49-bf2445d82182 200 in 5.8s (next.js: 5.0s, proxy.ts: 295ms, application-code: 538ms)
 GET /api/usage?tenant_id=cd1d0a40-540d-4524-9b49-bf2445d82182 200 in 6.0s (next.js: 5.0s, proxy.ts: 265ms, application-code: 709ms)
○ Compiling /api/channel-config ...
 GET /api/channel-config 200 in 5.8s (next.js: 3.7s, proxy.ts: 528ms, application-code: 1519ms)
 GET /studio?room=edit 200 in 1934ms (next.js: 234ms, proxy.ts: 564ms, application-code: 1136ms)
 GET /api/me 200 in 50ms (next.js: 17ms, proxy.ts: 14ms, application-code: 19ms)
 GET /api/me 200 in 178ms (next.js: 25ms, proxy.ts: 47ms, application-code: 106ms)
 GET /api/studio/engine-status?tenant_id=cd1d0a40-540d-4524-9b49-bf2445d82182 200 in 330ms (next.js: 136ms, proxy.ts: 92ms, application-code: 102ms)
 GET /api/studio/brand-setup?tenant_id=cd1d0a40-540d-4524-9b49-bf2445d82182 200 in 316ms (next.js: 112ms, proxy.ts: 71ms, application-code: 133ms)
 GET /api/studio/learning?tenant_id=cd1d0a40-540d-4524-9b49-bf2445d82182 200 in 316ms (next.js: 46ms, proxy.ts: 180ms, application-code: 90ms)
 GET /api/studio/drafts?tenant_id=cd1d0a40-540d-4524-9b49-bf2445d82182 200 in 360ms (next.js: 32ms, proxy.ts: 73ms, application-code: 254ms)
 GET /api/studio/learning?tenant_id=cd1d0a40-540d-4524-9b49-bf2445d82182 200 in 45ms (next.js: 6ms, proxy.ts: 26ms, application-code: 13ms)
 GET /api/usage?tenant_id=cd1d0a40-540d-4524-9b49-bf2445d82182 200 in 403ms (next.js: 76ms, proxy.ts: 84ms, application-code: 243ms)
 GET /api/channel-config 200 in 244ms (next.js: 9ms, proxy.ts: 30ms, application-code: 205ms)
 GET /api/images 200 in 3.4s (next.js: 2.6s, proxy.ts: 20ms, application-code: 751ms)
 GET /studio?room=publish 200 in 1015ms (next.js: 123ms, proxy.ts: 324ms, application-code: 568ms)
 GET /api/me 200 in 42ms (next.js: 9ms, proxy.ts: 16ms, application-code: 17ms)
 GET /api/me 200 in 329ms (next.js: 16ms, proxy.ts: 51ms, application-code: 262ms)
 GET /api/usage?tenant_id=cd1d0a40-540d-4524-9b49-bf2445d82182 200 in 444ms (next.js: 23ms, proxy.ts: 75ms, application-code: 346ms)
 GET /api/studio/engine-status?tenant_id=cd1d0a40-540d-4524-9b49-bf2445d82182 200 in 485ms (next.js: 49ms, proxy.ts: 69ms, application-code: 367ms)
 GET /api/studio/brand-setup?tenant_id=cd1d0a40-540d-4524-9b49-bf2445d82182 200 in 473ms (next.js: 24ms, proxy.ts: 110ms, application-code: 339ms)
○ Compiling /api/publish/first-comment-capabilities ...
 GET /api/publish/first-comment-capabilities 200 in 3.9s (next.js: 3.8s, proxy.ts: 112ms, application-code: 44ms)
 GET /api/studio/drafts?tenant_id=cd1d0a40-540d-4524-9b49-bf2445d82182 200 in 5.3s (next.js: 3.8s, proxy.ts: 115ms, application-code: 1350ms)
○ Compiling /api/channels/[provider]/accounts ...
⚠ Fast Refresh had to perform a full reload. Read more: https://nextjs.org/docs/messages/fast-refresh-reload
 GET /api/studio/learning?tenant_id=cd1d0a40-540d-4524-9b49-bf2445d82182 200 in 8.0s (next.js: 6.0s, proxy.ts: 1437ms, application-code: 631ms)
 GET /performance 200 in 7.7s (next.js: 6.6s, proxy.ts: 226ms, application-code: 852ms)
 GET /api/me 200 in 57ms (next.js: 20ms, proxy.ts: 16ms, application-code: 21ms)
 GET /api/me 200 in 287ms (next.js: 17ms, proxy.ts: 45ms, application-code: 226ms)
 GET /api/usage?tenant_id=cd1d0a40-540d-4524-9b49-bf2445d82182 200 in 392ms (next.js: 24ms, proxy.ts: 64ms, application-code: 304ms)
○ Compiling /api/metrics ...
 GET /api/images 200 in 638ms (next.js: 36ms, proxy.ts: 516ms, application-code: 86ms)
 GET /api/onboarding 200 in 5.3s (next.js: 4.9s, proxy.ts: 108ms, application-code: 256ms)
 GET /api/metrics?tenant_id=cd1d0a40-540d-4524-9b49-bf2445d82182 200 in 5.3s (next.js: 4.9s, proxy.ts: 119ms, application-code: 267ms)
 GET /api/overview 200 in 5.3s (next.js: 5.0s, proxy.ts: 68ms, application-code: 293ms)
 GET /api/channel-config 200 in 5.3s (next.js: 4.9s, proxy.ts: 90ms, application-code: 301ms)
○ Compiling /api/channel-settings/[channel] ...
 DELETE /api/tenant-tokens?id=461827d8-f538-43d9-83d4-2b1580e52426 200 in 2.4s (next.js: 2.0s, proxy.ts: 233ms, application-code: 131ms)
⨯ Error [AuthError]: 알 수 없거나 폐기된 osmu 토큰
    at effectiveTenantId (src/lib/tenant-auth.ts:191:28)
    at async GET (src/app/api/channel-settings/[channel]/route.ts:46:15)
  189 |         throw new AuthError("unavailable", "osmu 토큰 검증 실패(DB 연결 불가)");
  190 |       }
> 191 |       if (!tenantId) throw new AuthError("invalid", "알 수 없거나 폐기된 osmu 토큰");
      |                            ^
  192 |       if (!opts?.allowInactive) await assertTenantActive(tenantId);
  193 |       return tenantId;
  194 |     } {
  status: 401,
  code: 'invalid_token'
}
 POST /api/tenant-tokens 200 in 39ms (next.js: 6ms, proxy.ts: 13ms, application-code: 20ms)
 GET /studio?room=create 200 in 978ms (next.js: 307ms, proxy.ts: 87ms, application-code: 584ms)
 GET /api/me 200 in 132ms (next.js: 17ms, proxy.ts: 59ms, application-code: 56ms)
 GET /api/me 200 in 444ms (next.js: 11ms, proxy.ts: 115ms, application-code: 317ms)
 GET /api/studio/learning?tenant_id=cd1d0a40-540d-4524-9b49-bf2445d82182 200 in 889ms (next.js: 23ms, proxy.ts: 170ms, application-code: 697ms)
 GET /api/studio/engine-status?tenant_id=cd1d0a40-540d-4524-9b49-bf2445d82182 200 in 1284ms (next.js: 118ms, proxy.ts: 537ms, application-code: 630ms)
 GET /api/usage?tenant_id=cd1d0a40-540d-4524-9b49-bf2445d82182 200 in 1418ms (next.js: 119ms, proxy.ts: 704ms, application-code: 595ms)
 GET /api/studio/drafts?tenant_id=cd1d0a40-540d-4524-9b49-bf2445d82182 200 in 2.1s (next.js: 99ms, proxy.ts: 702ms, application-code: 1330ms)
 GET /api/studio/brand-setup?tenant_id=cd1d0a40-540d-4524-9b49-bf2445d82182 200 in 2.1s (next.js: 56ms, proxy.ts: 675ms, application-code: 1377ms)
 GET /api/performance/learned-rules?tenant_id=cd1d0a40-540d-4524-9b49-bf2445d82182 200 in 840ms (next.js: 560ms, proxy.ts: 139ms, application-code: 140ms)
 GET /api/images 200 in 1311ms (next.js: 251ms, proxy.ts: 696ms, application-code: 364ms)
 GET /studio?room=edit 200 in 460ms (next.js: 121ms, proxy.ts: 94ms, application-code: 246ms)
 GET /api/studio/learning?tenant_id=cd1d0a40-540d-4524-9b49-bf2445d82182 200 in 515ms (next.js: 14ms, proxy.ts: 420ms, application-code: 81ms)
 GET /api/onboarding 200 in 1604ms (next.js: 53ms, proxy.ts: 152ms, application-code: 1399ms)
 GET /api/performance/learned-rules?tenant_id=cd1d0a40-540d-4524-9b49-bf2445d82182 200 in 184ms (next.js: 68ms, proxy.ts: 78ms, application-code: 39ms)
 GET /api/channel-config 200 in 2.5s (next.js: 27ms, proxy.ts: 533ms, application-code: 1902ms)
 GET /studio?room=publish 200 in 143ms (next.js: 12ms, proxy.ts: 14ms, application-code: 117ms)
 GET /api/publish/first-comment-capabilities 200 in 199ms (next.js: 166ms, proxy.ts: 19ms, application-code: 13ms)
 GET /api/channels/threads/accounts?tenant_id=cd1d0a40-540d-4524-9b49-bf2445d82182 200 in 1784ms (next.js: 865ms, proxy.ts: 183ms, application-code: 736ms)
 GET /api/channels/x/accounts?tenant_id=cd1d0a40-540d-4524-9b49-bf2445d82182 200 in 1793ms (next.js: 1413ms, proxy.ts: 201ms, application-code: 179ms)
 GET /api/channels/instagram/accounts?tenant_id=cd1d0a40-540d-4524-9b49-bf2445d82182 200 in 1872ms (next.js: 1202ms, proxy.ts: 189ms, application-code: 481ms)
 GET /api/channels/facebook/accounts?tenant_id=cd1d0a40-540d-4524-9b49-bf2445d82182 200 in 1879ms (next.js: 1180ms, proxy.ts: 183ms, application-code: 516ms)
 GET /performance 200 in 746ms (next.js: 366ms, proxy.ts: 94ms, application-code: 286ms)
 GET /api/channels/tiktok/accounts?tenant_id=cd1d0a40-540d-4524-9b49-bf2445d82182 200 in 2.6s (next.js: 822ms, proxy.ts: 175ms, application-code: 1643ms)
 GET /api/channels/youtube/accounts?tenant_id=cd1d0a40-540d-4524-9b49-bf2445d82182 200 in 2.8s (next.js: 1286ms, proxy.ts: 195ms, application-code: 1272ms)
 GET /api/me 200 in 118ms (next.js: 8ms, proxy.ts: 66ms, application-code: 44ms)
 GET /api/me 200 in 1361ms (next.js: 144ms, proxy.ts: 464ms, application-code: 752ms)
 GET /api/images 200 in 1391ms (next.js: 514ms, proxy.ts: 596ms, application-code: 281ms)
 GET /api/overview 200 in 1590ms (next.js: 457ms, proxy.ts: 470ms, application-code: 663ms)
 GET /api/usage?tenant_id=cd1d0a40-540d-4524-9b49-bf2445d82182 200 in 1780ms (next.js: 565ms, proxy.ts: 598ms, application-code: 616ms)
 GET /api/metrics?tenant_id=cd1d0a40-540d-4524-9b49-bf2445d82182 200 in 1813ms (next.js: 420ms, proxy.ts: 468ms, application-code: 925ms)
 GET /api/performance/learned-rules?tenant_id=cd1d0a40-540d-4524-9b49-bf2445d82182 200 in 699ms (next.js: 94ms, proxy.ts: 232ms, application-code: 373ms)
 GET /api/threads/low-engagement-candidates?tenant_id=cd1d0a40-540d-4524-9b49-bf2445d82182 200 in 665ms (next.js: 221ms, proxy.ts: 207ms, application-code: 237ms)
 GET /api/channel-config 200 in 2.4s (next.js: 648ms, proxy.ts: 599ms, application-code: 1176ms)
 GET /api/channel-settings/threads?tenant_id=cd1d0a40-540d-4524-9b49-bf2445d82182 200 in 858ms (next.js: 421ms, proxy.ts: 247ms, application-code: 190ms)
 POST /api/suggestions 200 in 600ms (next.js: 23ms, proxy.ts: 346ms, application-code: 231ms)
 GET /studio?room=create 200 in 221ms (next.js: 10ms, proxy.ts: 14ms, application-code: 196ms)
 GET /api/me 200 in 87ms (next.js: 7ms, proxy.ts: 22ms, application-code: 58ms)
 GET /api/studio/learning?tenant_id=cd1d0a40-540d-4524-9b49-bf2445d82182 200 in 975ms (next.js: 128ms, proxy.ts: 33ms, application-code: 815ms)
 GET /studio?room=create 200 in 247ms (next.js: 8ms, proxy.ts: 11ms, application-code: 228ms)
 GET /api/me 200 in 44ms (next.js: 7ms, proxy.ts: 16ms, application-code: 20ms)
 GET /api/me 200 in 157ms (next.js: 14ms, proxy.ts: 69ms, application-code: 74ms)
 GET /api/studio/learning?tenant_id=cd1d0a40-540d-4524-9b49-bf2445d82182 200 in 117ms (next.js: 12ms, proxy.ts: 90ms, application-code: 14ms)
 GET /api/studio/drafts?tenant_id=cd1d0a40-540d-4524-9b49-bf2445d82182 200 in 191ms (next.js: 20ms, proxy.ts: 74ms, application-code: 97ms)
 GET /api/studio/engine-status?tenant_id=cd1d0a40-540d-4524-9b49-bf2445d82182 200 in 209ms (next.js: 14ms, proxy.ts: 80ms, application-code: 114ms)
 GET /api/studio/brand-setup?tenant_id=cd1d0a40-540d-4524-9b49-bf2445d82182 200 in 232ms (next.js: 9ms, proxy.ts: 98ms, application-code: 125ms)
 GET /api/studio/learning?tenant_id=cd1d0a40-540d-4524-9b49-bf2445d82182 200 in 95ms (next.js: 18ms, proxy.ts: 33ms, application-code: 43ms)
 GET /api/usage?tenant_id=cd1d0a40-540d-4524-9b49-bf2445d82182 200 in 278ms (next.js: 30ms, proxy.ts: 89ms, application-code: 160ms)
 GET /api/onboarding 200 in 108ms (next.js: 8ms, proxy.ts: 63ms, application-code: 37ms)
 GET /api/channel-config 200 in 156ms (next.js: 28ms, proxy.ts: 45ms, application-code: 83ms)
 GET /api/performance/learned-rules?tenant_id=cd1d0a40-540d-4524-9b49-bf2445d82182 200 in 48ms (next.js: 9ms, proxy.ts: 25ms, application-code: 14ms)
 GET /api/performance/learned-rules?tenant_id=cd1d0a40-540d-4524-9b49-bf2445d82182 200 in 48ms (next.js: 12ms, proxy.ts: 18ms, application-code: 18ms)
 GET /api/images 200 in 47ms (next.js: 6ms, proxy.ts: 28ms, application-code: 13ms)
 GET /studio?room=edit 200 in 95ms (next.js: 10ms, proxy.ts: 15ms, application-code: 70ms)
 GET /studio?room=publish 200 in 216ms (next.js: 10ms, proxy.ts: 13ms, application-code: 193ms)
 GET /api/publish/first-comment-capabilities 200 in 307ms (next.js: 91ms, proxy.ts: 197ms, application-code: 19ms)
 GET /api/channels/threads/accounts?tenant_id=cd1d0a40-540d-4524-9b49-bf2445d82182 200 in 1111ms (next.js: 229ms, proxy.ts: 130ms, application-code: 752ms)
 GET /api/channels/x/accounts?tenant_id=cd1d0a40-540d-4524-9b49-bf2445d82182 200 in 1158ms (next.js: 290ms, proxy.ts: 251ms, application-code: 617ms)
 GET /api/channels/facebook/accounts?tenant_id=cd1d0a40-540d-4524-9b49-bf2445d82182 200 in 1155ms (next.js: 310ms, proxy.ts: 255ms, application-code: 590ms)
 GET /api/channels/instagram/accounts?tenant_id=cd1d0a40-540d-4524-9b49-bf2445d82182 200 in 1350ms (next.js: 380ms, proxy.ts: 294ms, application-code: 675ms)
 GET /api/channels/youtube/accounts?tenant_id=cd1d0a40-540d-4524-9b49-bf2445d82182 200 in 1184ms (next.js: 212ms, proxy.ts: 316ms, application-code: 656ms)
 GET /api/channels/tiktok/accounts?tenant_id=cd1d0a40-540d-4524-9b49-bf2445d82182 200 in 1381ms (next.js: 182ms, proxy.ts: 429ms, application-code: 769ms)
 GET /performance 200 in 358ms (next.js: 30ms, proxy.ts: 98ms, application-code: 230ms)
 GET /api/channel-config 200 in 678ms (next.js: 76ms, proxy.ts: 194ms, application-code: 409ms)
 GET /api/me 200 in 41ms (next.js: 6ms, proxy.ts: 19ms, application-code: 15ms)
 GET /api/me 200 in 107ms (next.js: 34ms, proxy.ts: 36ms, application-code: 38ms)
 GET /api/images 200 in 117ms (next.js: 9ms, proxy.ts: 80ms, application-code: 28ms)
 GET /api/metrics?tenant_id=cd1d0a40-540d-4524-9b49-bf2445d82182 200 in 145ms (next.js: 23ms, proxy.ts: 42ms, application-code: 80ms)
 GET /api/usage?tenant_id=cd1d0a40-540d-4524-9b49-bf2445d82182 200 in 151ms (next.js: 17ms, proxy.ts: 81ms, application-code: 54ms)
 GET /api/overview 200 in 176ms (next.js: 15ms, proxy.ts: 46ms, application-code: 115ms)
 GET /api/threads/low-engagement-candidates?tenant_id=cd1d0a40-540d-4524-9b49-bf2445d82182 200 in 134ms (next.js: 18ms, proxy.ts: 50ms, application-code: 66ms)
 GET /api/performance/learned-rules?tenant_id=cd1d0a40-540d-4524-9b49-bf2445d82182 200 in 139ms (next.js: 28ms, proxy.ts: 53ms, application-code: 58ms)
 GET /api/channel-settings/threads?tenant_id=cd1d0a40-540d-4524-9b49-bf2445d82182 200 in 145ms (next.js: 65ms, proxy.ts: 58ms, application-code: 22ms)
 POST /api/suggestions 200 in 164ms (next.js: 39ms, proxy.ts: 55ms, application-code: 70ms)
 GET /studio?room=create 200 in 104ms (next.js: 12ms, proxy.ts: 21ms, application-code: 70ms)
 GET /api/me 200 in 38ms (next.js: 6ms, proxy.ts: 16ms, application-code: 16ms)
 GET /api/studio/learning?tenant_id=cd1d0a40-540d-4524-9b49-bf2445d82182 200 in 42ms (next.js: 6ms, proxy.ts: 24ms, application-code: 13ms)
 GET /api/studio/learning?tenant_id=cd1d0a40-540d-4524-9b49-bf2445d82182 200 in 41ms (next.js: 6ms, proxy.ts: 23ms, application-code: 13ms)
 GET /api/performance/learned-rules?tenant_id=cd1d0a40-540d-4524-9b49-bf2445d82182 200 in 39ms (next.js: 6ms, proxy.ts: 20ms, application-code: 14ms)
 GET /api/performance/learned-rules?tenant_id=cd1d0a40-540d-4524-9b49-bf2445d82182 200 in 120ms (next.js: 11ms, proxy.ts: 60ms, application-code: 49ms)
 GET /api/studio/brand-setup?tenant_id=cd1d0a40-540d-4524-9b49-bf2445d82182 200 in 132ms (next.js: 30ms, proxy.ts: 55ms, application-code: 47ms)
 GET /api/studio/engine-status?tenant_id=cd1d0a40-540d-4524-9b49-bf2445d82182 200 in 156ms (next.js: 20ms, proxy.ts: 62ms, application-code: 74ms)
 GET /api/studio/drafts?tenant_id=cd1d0a40-540d-4524-9b49-bf2445d82182 200 in 150ms (next.js: 19ms, proxy.ts: 80ms, application-code: 51ms)
 GET /studio?room=create 200 in 10.4s (next.js: 10ms, proxy.ts: 14ms, application-code: 10.4s)
 GET /api/me 200 in 864ms (next.js: 74ms, proxy.ts: 405ms, application-code: 385ms)
 GET /api/me 200 in 360ms (next.js: 94ms, proxy.ts: 111ms, application-code: 155ms)
 GET /api/studio/learning?tenant_id=cd1d0a40-540d-4524-9b49-bf2445d82182 200 in 546ms (next.js: 11ms, proxy.ts: 466ms, application-code: 70ms)
 GET /api/studio/brand-setup?tenant_id=cd1d0a40-540d-4524-9b49-bf2445d82182 200 in 686ms (next.js: 21ms, proxy.ts: 262ms, application-code: 403ms)
 GET /api/studio/drafts?tenant_id=cd1d0a40-540d-4524-9b49-bf2445d82182 200 in 812ms (next.js: 15ms, proxy.ts: 540ms, application-code: 256ms)
 GET /api/performance/learned-rules?tenant_id=cd1d0a40-540d-4524-9b49-bf2445d82182 200 in 129ms (next.js: 16ms, proxy.ts: 88ms, application-code: 25ms)
 GET /api/studio/engine-status?tenant_id=cd1d0a40-540d-4524-9b49-bf2445d82182 200 in 899ms (next.js: 15ms, proxy.ts: 511ms, application-code: 374ms)
 GET /api/studio/learning?tenant_id=cd1d0a40-540d-4524-9b49-bf2445d82182 200 in 76ms (next.js: 14ms, proxy.ts: 47ms, application-code: 14ms)
 GET /api/onboarding 200 in 283ms (next.js: 37ms, proxy.ts: 126ms, application-code: 120ms)
 GET /api/usage?tenant_id=cd1d0a40-540d-4524-9b49-bf2445d82182 200 in 1013ms (next.js: 39ms, proxy.ts: 526ms, application-code: 447ms)
 GET /api/performance/learned-rules?tenant_id=cd1d0a40-540d-4524-9b49-bf2445d82182 200 in 129ms (next.js: 55ms, proxy.ts: 47ms, application-code: 27ms)
 GET /api/images 200 in 112ms (next.js: 14ms, proxy.ts: 84ms, application-code: 14ms)
 GET /api/channel-config 200 in 700ms (next.js: 29ms, proxy.ts: 153ms, application-code: 518ms)
 GET /studio?room=edit 200 in 102ms (next.js: 12ms, proxy.ts: 18ms, application-code: 72ms)
 GET /studio?room=publish 200 in 981ms (next.js: 143ms, proxy.ts: 13ms, application-code: 825ms)
 GET /api/publish/first-comment-capabilities 200 in 102ms (next.js: 5ms, proxy.ts: 19ms, application-code: 78ms)
 GET /api/channels/x/accounts?tenant_id=cd1d0a40-540d-4524-9b49-bf2445d82182 200 in 898ms (next.js: 470ms, proxy.ts: 173ms, application-code: 255ms)
 GET /api/channels/youtube/accounts?tenant_id=cd1d0a40-540d-4524-9b49-bf2445d82182 200 in 871ms (next.js: 351ms, proxy.ts: 338ms, application-code: 182ms)
 GET /api/channels/facebook/accounts?tenant_id=cd1d0a40-540d-4524-9b49-bf2445d82182 200 in 940ms (next.js: 497ms, proxy.ts: 155ms, application-code: 287ms)
 GET /api/channels/threads/accounts?tenant_id=cd1d0a40-540d-4524-9b49-bf2445d82182 200 in 998ms (next.js: 440ms, proxy.ts: 166ms, application-code: 392ms)
 GET /api/channels/instagram/accounts?tenant_id=cd1d0a40-540d-4524-9b49-bf2445d82182 200 in 978ms (next.js: 367ms, proxy.ts: 349ms, application-code: 261ms)
 GET /api/channel-config 200 in 1226ms (next.js: 60ms, proxy.ts: 185ms, application-code: 981ms)
 GET /api/channels/tiktok/accounts?tenant_id=cd1d0a40-540d-4524-9b49-bf2445d82182 200 in 235ms (next.js: 55ms, proxy.ts: 36ms, application-code: 144ms)
 GET /performance 200 in 93ms (next.js: 7ms, proxy.ts: 13ms, application-code: 73ms)
 GET /api/me 200 in 101ms (next.js: 24ms, proxy.ts: 51ms, application-code: 26ms)
 GET /api/me 200 in 194ms (next.js: 9ms, proxy.ts: 34ms, application-code: 151ms)
 GET /api/images 200 in 210ms (next.js: 28ms, proxy.ts: 51ms, application-code: 131ms)
 GET /api/metrics?tenant_id=cd1d0a40-540d-4524-9b49-bf2445d82182 200 in 348ms (next.js: 22ms, proxy.ts: 53ms, application-code: 273ms)
 GET /api/overview 200 in 381ms (next.js: 15ms, proxy.ts: 48ms, application-code: 318ms)
 GET /api/usage?tenant_id=cd1d0a40-540d-4524-9b49-bf2445d82182 200 in 278ms (next.js: 85ms, proxy.ts: 69ms, application-code: 123ms)
 GET /api/performance/learned-rules?tenant_id=cd1d0a40-540d-4524-9b49-bf2445d82182 200 in 107ms (next.js: 15ms, proxy.ts: 32ms, application-code: 61ms)
 GET /api/threads/low-engagement-candidates?tenant_id=cd1d0a40-540d-4524-9b49-bf2445d82182 200 in 109ms (next.js: 17ms, proxy.ts: 48ms, application-code: 44ms)
 GET /api/channel-settings/threads?tenant_id=cd1d0a40-540d-4524-9b49-bf2445d82182 200 in 166ms (next.js: 66ms, proxy.ts: 30ms, application-code: 70ms)
 POST /api/suggestions 200 in 149ms (next.js: 24ms, proxy.ts: 71ms, application-code: 54ms)
 GET /studio?room=create 200 in 1053ms (next.js: 279ms, proxy.ts: 20ms, application-code: 754ms)
 GET /api/me 200 in 266ms (next.js: 8ms, proxy.ts: 148ms, application-code: 109ms)
 GET /api/me 200 in 1063ms (next.js: 128ms, proxy.ts: 334ms, application-code: 601ms)
 GET /api/studio/drafts?tenant_id=cd1d0a40-540d-4524-9b49-bf2445d82182 200 in 1100ms (next.js: 205ms, proxy.ts: 349ms, application-code: 546ms)
 GET /api/usage?tenant_id=cd1d0a40-540d-4524-9b49-bf2445d82182 200 in 1104ms (next.js: 179ms, proxy.ts: 754ms, application-code: 171ms)
 GET /api/images 200 in 1109ms (next.js: 200ms, proxy.ts: 758ms, application-code: 151ms)
 GET /api/studio/engine-status?tenant_id=cd1d0a40-540d-4524-9b49-bf2445d82182 200 in 1109ms (next.js: 345ms, proxy.ts: 399ms, application-code: 365ms)
 GET /api/channel-config 200 in 1228ms (next.js: 214ms, proxy.ts: 399ms, application-code: 616ms)
 GET /studio?room=create 200 in 1165ms (next.js: 16ms, proxy.ts: 16ms, application-code: 1133ms)
 GET /api/me 200 in 470ms (next.js: 11ms, proxy.ts: 152ms, application-code: 308ms)
 GET /api/me 200 in 702ms (next.js: 155ms, proxy.ts: 325ms, application-code: 223ms)
 GET /api/studio/learning?tenant_id=cd1d0a40-540d-4524-9b49-bf2445d82182 200 in 652ms (next.js: 52ms, proxy.ts: 364ms, application-code: 236ms)
 GET /api/studio/engine-status?tenant_id=cd1d0a40-540d-4524-9b49-bf2445d82182 200 in 913ms (next.js: 64ms, proxy.ts: 328ms, application-code: 522ms)
 GET /api/studio/brand-setup?tenant_id=cd1d0a40-540d-4524-9b49-bf2445d82182 200 in 901ms (next.js: 32ms, proxy.ts: 425ms, application-code: 444ms)
 GET /api/studio/drafts?tenant_id=cd1d0a40-540d-4524-9b49-bf2445d82182 200 in 954ms (next.js: 180ms, proxy.ts: 382ms, application-code: 393ms)
 GET /api/usage?tenant_id=cd1d0a40-540d-4524-9b49-bf2445d82182 200 in 1421ms (next.js: 100ms, proxy.ts: 514ms, application-code: 807ms)
 GET /api/performance/learned-rules?tenant_id=cd1d0a40-540d-4524-9b49-bf2445d82182 200 in 386ms (next.js: 71ms, proxy.ts: 243ms, application-code: 72ms)
 GET /api/studio/learning?tenant_id=cd1d0a40-540d-4524-9b49-bf2445d82182 200 in 539ms (next.js: 29ms, proxy.ts: 154ms, application-code: 356ms)
 GET /api/images 200 in 468ms (next.js: 293ms, proxy.ts: 118ms, application-code: 57ms)
 GET /api/onboarding 200 in 858ms (next.js: 19ms, proxy.ts: 93ms, application-code: 746ms)
 GET /api/channel-config 200 in 1263ms (next.js: 24ms, proxy.ts: 311ms, application-code: 927ms)
 GET /api/performance/learned-rules?tenant_id=cd1d0a40-540d-4524-9b49-bf2445d82182 200 in 386ms (next.js: 17ms, proxy.ts: 185ms, application-code: 184ms)
 GET /studio?room=edit 200 in 86ms (next.js: 9ms, proxy.ts: 13ms, application-code: 64ms)
 GET /studio?room=publish 200 in 266ms (next.js: 19ms, proxy.ts: 16ms, application-code: 231ms)
 GET /api/publish/first-comment-capabilities 200 in 45ms (next.js: 11ms, proxy.ts: 26ms, application-code: 8ms)
 GET /api/channels/threads/accounts?tenant_id=cd1d0a40-540d-4524-9b49-bf2445d82182 200 in 624ms (next.js: 118ms, proxy.ts: 223ms, application-code: 283ms)
 GET /api/channels/facebook/accounts?tenant_id=cd1d0a40-540d-4524-9b49-bf2445d82182 200 in 603ms (next.js: 167ms, proxy.ts: 226ms, application-code: 210ms)
 GET /api/channels/x/accounts?tenant_id=cd1d0a40-540d-4524-9b49-bf2445d82182 200 in 625ms (next.js: 155ms, proxy.ts: 212ms, application-code: 258ms)
 GET /api/channel-config 200 in 712ms (next.js: 7ms, proxy.ts: 17ms, application-code: 687ms)
 GET /api/channels/youtube/accounts?tenant_id=cd1d0a40-540d-4524-9b49-bf2445d82182 200 in 612ms (next.js: 266ms, proxy.ts: 229ms, application-code: 117ms)
 GET /api/channels/instagram/accounts?tenant_id=cd1d0a40-540d-4524-9b49-bf2445d82182 200 in 632ms (next.js: 248ms, proxy.ts: 268ms, application-code: 116ms)
 GET /api/channels/tiktok/accounts?tenant_id=cd1d0a40-540d-4524-9b49-bf2445d82182 200 in 114ms (next.js: 33ms, proxy.ts: 41ms, application-code: 40ms)
 GET /performance 200 in 91ms (next.js: 7ms, proxy.ts: 12ms, application-code: 72ms)
 GET /api/me 200 in 39ms (next.js: 7ms, proxy.ts: 18ms, application-code: 15ms)
 GET /api/me 200 in 122ms (next.js: 9ms, proxy.ts: 31ms, application-code: 82ms)
 GET /api/images 200 in 130ms (next.js: 50ms, proxy.ts: 57ms, application-code: 23ms)
 GET /api/metrics?tenant_id=cd1d0a40-540d-4524-9b49-bf2445d82182 200 in 211ms (next.js: 25ms, proxy.ts: 26ms, application-code: 160ms)
 GET /api/usage?tenant_id=cd1d0a40-540d-4524-9b49-bf2445d82182 200 in 161ms (next.js: 12ms, proxy.ts: 54ms, application-code: 95ms)
 GET /api/overview 200 in 251ms (next.js: 16ms, proxy.ts: 24ms, application-code: 211ms)
 GET /api/performance/learned-rules?tenant_id=cd1d0a40-540d-4524-9b49-bf2445d82182 200 in 241ms (next.js: 32ms, proxy.ts: 69ms, application-code: 139ms)
 GET /api/threads/low-engagement-candidates?tenant_id=cd1d0a40-540d-4524-9b49-bf2445d82182 200 in 376ms (next.js: 28ms, proxy.ts: 116ms, application-code: 231ms)
 GET /api/channel-settings/threads?tenant_id=cd1d0a40-540d-4524-9b49-bf2445d82182 200 in 404ms (next.js: 140ms, proxy.ts: 72ms, application-code: 191ms)
 POST /api/suggestions 200 in 459ms (next.js: 56ms, proxy.ts: 68ms, application-code: 335ms)
 GET /studio?room=create 200 in 787ms (next.js: 12ms, proxy.ts: 14ms, application-code: 761ms)
 GET /api/me 200 in 348ms (next.js: 6ms, proxy.ts: 20ms, application-code: 321ms)
 GET /api/studio/learning?tenant_id=cd1d0a40-540d-4524-9b49-bf2445d82182 200 in 68ms (next.js: 8ms, proxy.ts: 42ms, application-code: 18ms)
 GET /api/studio/learning?tenant_id=cd1d0a40-540d-4524-9b49-bf2445d82182 200 in 251ms (next.js: 7ms, proxy.ts: 174ms, application-code: 71ms)
 GET /api/performance/learned-rules?tenant_id=cd1d0a40-540d-4524-9b49-bf2445d82182 200 in 734ms (next.js: 54ms, proxy.ts: 261ms, application-code: 419ms)
 GET /api/me 200 in 624ms (next.js: 8ms, proxy.ts: 210ms, application-code: 406ms)
 GET /api/usage?tenant_id=cd1d0a40-540d-4524-9b49-bf2445d82182 200 in 638ms (next.js: 144ms, proxy.ts: 310ms, application-code: 184ms)
 GET /api/channel-config 200 in 639ms (next.js: 235ms, proxy.ts: 320ms, application-code: 84ms)
 GET /api/images 200 in 647ms (next.js: 275ms, proxy.ts: 323ms, application-code: 49ms)
 GET /api/studio/engine-status?tenant_id=cd1d0a40-540d-4524-9b49-bf2445d82182 200 in 647ms (next.js: 27ms, proxy.ts: 304ms, application-code: 315ms)
 GET /studio?room=create 200 in 1688ms (next.js: 167ms, proxy.ts: 13ms, application-code: 1507ms)
 GET /api/me 200 in 95ms (next.js: 8ms, proxy.ts: 28ms, application-code: 60ms)
 GET /api/me 200 in 443ms (next.js: 76ms, proxy.ts: 282ms, application-code: 85ms)
 GET /api/studio/learning?tenant_id=cd1d0a40-540d-4524-9b49-bf2445d82182 200 in 410ms (next.js: 17ms, proxy.ts: 376ms, application-code: 17ms)
 GET /api/studio/brand-setup?tenant_id=cd1d0a40-540d-4524-9b49-bf2445d82182 200 in 481ms (next.js: 32ms, proxy.ts: 329ms, application-code: 120ms)
 GET /api/studio/engine-status?tenant_id=cd1d0a40-540d-4524-9b49-bf2445d82182 200 in 486ms (next.js: 28ms, proxy.ts: 348ms, application-code: 110ms)
 GET /api/studio/drafts?tenant_id=cd1d0a40-540d-4524-9b49-bf2445d82182 200 in 548ms (next.js: 36ms, proxy.ts: 351ms, application-code: 161ms)
 GET /api/usage?tenant_id=cd1d0a40-540d-4524-9b49-bf2445d82182 200 in 652ms (next.js: 60ms, proxy.ts: 316ms, application-code: 276ms)
 GET /api/studio/learning?tenant_id=cd1d0a40-540d-4524-9b49-bf2445d82182 200 in 176ms (next.js: 35ms, proxy.ts: 118ms, application-code: 24ms)
 GET /api/onboarding 200 in 152ms (next.js: 46ms, proxy.ts: 70ms, application-code: 35ms)
 GET /api/channel-config 200 in 305ms (next.js: 32ms, proxy.ts: 115ms, application-code: 158ms)
 GET /api/performance/learned-rules?tenant_id=cd1d0a40-540d-4524-9b49-bf2445d82182 200 in 68ms (next.js: 8ms, proxy.ts: 38ms, application-code: 22ms)
 GET /api/performance/learned-rules?tenant_id=cd1d0a40-540d-4524-9b49-bf2445d82182 200 in 45ms (next.js: 8ms, proxy.ts: 24ms, application-code: 13ms)
 GET /api/images 200 in 44ms (next.js: 6ms, proxy.ts: 26ms, application-code: 12ms)
 GET /studio?room=edit 200 in 97ms (next.js: 12ms, proxy.ts: 15ms, application-code: 71ms)
 GET /studio?room=publish 200 in 640ms (next.js: 12ms, proxy.ts: 14ms, application-code: 614ms)
 GET /api/publish/first-comment-capabilities 200 in 63ms (next.js: 6ms, proxy.ts: 47ms, application-code: 10ms)
 GET /api/channel-config 200 in 2.9s (next.js: 7ms, proxy.ts: 37ms, application-code: 2.9s)
 GET /api/channels/threads/accounts?tenant_id=cd1d0a40-540d-4524-9b49-bf2445d82182 200 in 3.0s (next.js: 943ms, proxy.ts: 720ms, application-code: 1337ms)
 GET /api/channels/x/accounts?tenant_id=cd1d0a40-540d-4524-9b49-bf2445d82182 200 in 3.0s (next.js: 1011ms, proxy.ts: 886ms, application-code: 1129ms)
 GET /api/channels/youtube/accounts?tenant_id=cd1d0a40-540d-4524-9b49-bf2445d82182 200 in 2.8s (next.js: 916ms, proxy.ts: 1013ms, application-code: 838ms)
 GET /api/channels/instagram/accounts?tenant_id=cd1d0a40-540d-4524-9b49-bf2445d82182 200 in 3.0s (next.js: 1082ms, proxy.ts: 826ms, application-code: 1111ms)
 GET /api/channels/facebook/accounts?tenant_id=cd1d0a40-540d-4524-9b49-bf2445d82182 200 in 3.2s (next.js: 1124ms, proxy.ts: 970ms, application-code: 1073ms)
 GET /api/channels/tiktok/accounts?tenant_id=cd1d0a40-540d-4524-9b49-bf2445d82182 200 in 891ms (next.js: 249ms, proxy.ts: 527ms, application-code: 115ms)
 GET /performance 200 in 398ms (next.js: 59ms, proxy.ts: 27ms, application-code: 312ms)
 GET /api/me 200 in 72ms (next.js: 10ms, proxy.ts: 45ms, application-code: 17ms)
 GET /api/me 200 in 334ms (next.js: 97ms, proxy.ts: 159ms, application-code: 78ms)
 GET /api/images 200 in 371ms (next.js: 30ms, proxy.ts: 269ms, application-code: 71ms)
 GET /api/metrics?tenant_id=cd1d0a40-540d-4524-9b49-bf2445d82182 200 in 424ms (next.js: 98ms, proxy.ts: 59ms, application-code: 267ms)
 GET /api/usage?tenant_id=cd1d0a40-540d-4524-9b49-bf2445d82182 200 in 402ms (next.js: 47ms, proxy.ts: 271ms, application-code: 83ms)
 GET /api/overview 200 in 453ms (next.js: 58ms, proxy.ts: 56ms, application-code: 339ms)
 GET /api/channel-config 200 in 462ms (next.js: 57ms, proxy.ts: 131ms, application-code: 274ms)
 GET /api/performance/learned-rules?tenant_id=cd1d0a40-540d-4524-9b49-bf2445d82182 200 in 376ms (next.js: 40ms, proxy.ts: 143ms, application-code: 194ms)
 GET /api/threads/low-engagement-candidates?tenant_id=cd1d0a40-540d-4524-9b49-bf2445d82182 200 in 379ms (next.js: 72ms, proxy.ts: 188ms, application-code: 119ms)
 GET /api/channel-settings/threads?tenant_id=cd1d0a40-540d-4524-9b49-bf2445d82182 200 in 452ms (next.js: 159ms, proxy.ts: 157ms, application-code: 135ms)
 POST /api/suggestions 200 in 481ms (next.js: 17ms, proxy.ts: 186ms, application-code: 278ms)
 GET /studio?room=create 200 in 101ms (next.js: 11ms, proxy.ts: 15ms, application-code: 76ms)
 GET /api/me 200 in 104ms (next.js: 9ms, proxy.ts: 52ms, application-code: 44ms)
 GET /api/studio/learning?tenant_id=cd1d0a40-540d-4524-9b49-bf2445d82182 200 in 72ms (next.js: 10ms, proxy.ts: 30ms, application-code: 31ms)
 GET /api/studio/learning?tenant_id=cd1d0a40-540d-4524-9b49-bf2445d82182 200 in 48ms (next.js: 16ms, proxy.ts: 19ms, application-code: 13ms)
 GET /api/performance/learned-rules?tenant_id=cd1d0a40-540d-4524-9b49-bf2445d82182 200 in 124ms (next.js: 12ms, proxy.ts: 45ms, application-code: 66ms)
 GET /api/studio/drafts?tenant_id=cd1d0a40-540d-4524-9b49-bf2445d82182 200 in 187ms (next.js: 21ms, proxy.ts: 32ms, application-code: 134ms)
 GET /api/studio/brand-setup?tenant_id=cd1d0a40-540d-4524-9b49-bf2445d82182 200 in 207ms (next.js: 30ms, proxy.ts: 36ms, application-code: 141ms)
 GET /api/studio/engine-status?tenant_id=cd1d0a40-540d-4524-9b49-bf2445d82182 200 in 214ms (next.js: 13ms, proxy.ts: 74ms, application-code: 126ms)
 GET /api/performance/learned-rules?tenant_id=cd1d0a40-540d-4524-9b49-bf2445d82182 200 in 79ms (next.js: 21ms, proxy.ts: 37ms, application-code: 22ms)
 DELETE /api/tenant-tokens?id=eccf3fb3-5010-4178-8b68-3311b8bada6f 200 in 39ms (next.js: 6ms, proxy.ts: 16ms, application-code: 17ms)
○ Compiling /api/studio/v1/generations ...
 POST /api/studio/v1/generations 401 in 22.1s (next.js: 22.0s, proxy.ts: 13ms, application-code: 69ms)
 POST /api/studio/v1/generations 400 in 750ms (next.js: 7ms, proxy.ts: 726ms, application-code: 16ms)
 POST /api/studio/v1/generations 422 in 33ms (next.js: 7ms, proxy.ts: 16ms, application-code: 11ms)
 POST /api/studio/v1/generations 201 in 42s (next.js: 7ms, proxy.ts: 16ms, application-code: 42s)
 GET /api/studio/v1/generations/32c12b6b-553f-4048-8fb2-ba798fe336de 200 in 14.6s (next.js: 14.5s, proxy.ts: 22ms, application-code: 64ms)
 GET /api/studio/v1/generations/00000000-0000-0000-0000-000000000000 404 in 3.1s (next.js: 191ms, proxy.ts: 2.7s, application-code: 160ms)
 POST /api/studio/v1/generations 201 in 40s (next.js: 231ms, proxy.ts: 105ms, application-code: 39.8s)
○ Compiling /api/studio/v1/generations/[jobId]/rejections ...
 POST /api/studio/v1/generations/32c12b6b-553f-4048-8fb2-ba798fe336de/rejections 201 in 39.2s (next.js: 38.8s, proxy.ts: 227ms, application-code: 159ms)
 POST /api/studio/v1/generations/32c12b6b-553f-4048-8fb2-ba798fe336de/rejections 201 in 659ms (next.js: 277ms, proxy.ts: 307ms, application-code: 76ms)
 POST /api/studio/v1/generations/32c12b6b-553f-4048-8fb2-ba798fe336de/rejections 201 in 413ms (next.js: 168ms, proxy.ts: 143ms, application-code: 101ms)
 POST /api/studio/v1/generations/235c7231-a076-46b9-a4b9-086ee46299f3/rejections 201 in 301ms (next.js: 126ms, proxy.ts: 22ms, application-code: 152ms)
 POST /api/studio/v1/generations/235c7231-a076-46b9-a4b9-086ee46299f3/rejections 201 in 202ms (next.js: 102ms, proxy.ts: 21ms, application-code: 80ms)
 POST /api/studio/v1/generations/235c7231-a076-46b9-a4b9-086ee46299f3/rejections 201 in 213ms (next.js: 92ms, proxy.ts: 20ms, application-code: 101ms)
○ Compiling /api/studio/v1/regenerations/[jobId] ...
 POST /api/studio/v1/regenerations/32c12b6b-553f-4048-8fb2-ba798fe336de 409 in 57s (next.js: 14.0s, proxy.ts: 50ms, application-code: 43s)
 POST /api/studio/v1/regenerations/235c7231-a076-46b9-a4b9-086ee46299f3 409 in 49s (next.js: 52ms, proxy.ts: 18ms, application-code: 49s)
○ Compiling /api/health ...
